node.exe : Error: 
Cannot apply unknown 
utility class 
`bg-cta`. Are you 
using CSS modules or 
similar and missing 
`@reference`? https:/
/tailwindcss.com/docs
/functions-and-direct
ives#reference-direct
ive
At line:1 char:1
+ & "C:\nvm4w\nodejs/
node.exe" "C:\nvm4w\n
odejs/node_modules/np
m/bin/np ...
+ ~~~~~~~~~~~~~~~~~~~
~~~~~~~~~~~~~~~~~~~~~
~~~~~~~~~~~~~~~~~~~~~
~~~~~~~~
    + CategoryInfo   
           : 
NotSpecifi    ed: 
(Error: Cannot     
a...rence-directi    
ve:String) [], Rem   
 oteException
    + 
FullyQualifiedEr    
rorId : NativeComm   
 andError
 
    [2m[at 
onInvalidCandidate (C
:\Users\COM\Documents
\webdesign\banglabet-
casino\node_modules\t
ailwindcss\dist\lib.j
s:21:1314)][0m
    [2m[at Te (C:\Us
ers\COM\Documents\web
design\banglabet-casi
no\node_modules\tailw
indcss\dist\lib.js:16
:36652)][0m
    [2m[at C:\Users\
COM\Documents\webdesi
gn\banglabet-casino\n
ode_modules\tailwindc
ss\dist\lib.js:21:355
][0m
    [2m[at Rr (C:\Us
ers\COM\Documents\web
design\banglabet-casi
no\node_modules\tailw
indcss\dist\lib.js:3:
1718)][0m
    [2m[at _ (C:\Use
rs\COM\Documents\webd
esign\banglabet-casin
o\node_modules\tailwi
ndcss\dist\lib.js:3:1
377)][0m
    [2m[at $e (C:\Us
ers\COM\Documents\web
design\banglabet-casi
no\node_modules\tailw
indcss\dist\lib.js:21
:172)][0m
    [2m[at un (C:\Us
ers\COM\Documents\web
design\banglabet-casi
no\node_modules\tailw
indcss\dist\lib.js:38
:294)][0m
    [2m[at process.p
rocessTicksAndRejecti
ons (node:internal/pr
ocess/task_queues:103
:5)][0m
    [2m[at async cn 
(C:\Users\COM\Documen
ts\webdesign\banglabe
t-casino\node_modules
\tailwindcss\dist\lib
.js:38:631)][0m
    [2m[at async Xr 
(C:\Users\COM\Documen
ts\webdesign\banglabe
t-casino\node_modules
\@tailwindcss\node\di
st\index.js:10:3417)]
[0m

> Build error 
occurred
Error: Turbopack 
build failed with 1 
errors:
./app/globals.css
Error evaluating 
Node.js code
CssSyntaxError: 
tailwindcss: C:\Users
\COM\Documents\webdes
ign\banglabet-casino\
app\globals.css:1:1: 
Cannot apply unknown 
utility class 
`bg-cta`. Are you 
using CSS modules or 
similar and missing 
`@reference`? https:/
/tailwindcss.com/docs
/functions-and-direct
ives#reference-direct
ive
    at Input.error (n
ode_modules/postcss/l
ib/input.js:135:16) [
C:\Users\COM\Document
s\webdesign\banglabet
-casino\.next\build\c
hunks\node_modules_fe
693df6._.js:4651:22]
    at Root.error (no
de_modules/postcss/li
b/node.js:146:32) [C:
\Users\COM\Documents\
webdesign\banglabet-c
asino\.next\build\chu
nks\node_modules_fe69
3df6._.js:928:38]
    [at Object.Once (
C:\Users\COM\Document
s\webdesign\banglabet
-casino\node_modules\
@tailwindcss\postcss\
dist\index.js:10:6911
)]
    [at process.proce
ssTicksAndRejections 
(node:internal/proces
s/task_queues:103:5)]
    at async 
LazyResult.runAsync (
node_modules/postcss/
lib/lazy-result.js:29
3:11) [C:\Users\COM\D
ocuments\webdesign\ba
nglabet-casino\.next\
build\chunks\node_mod
ules_fe693df6._.js:62
06:21]
    at async 
transform (turbopack:
///[turbopack-node]/t
ransforms/postcss.ts:
70:34) [C:\Users\COM\
Documents\webdesign\b
anglabet-casino\.next
\build\chunks\[root-o
f-the-server]__51225d
af._.js:146:36]
    at async run (tur
bopack:///[turbopack-
node]/ipc/evaluate.ts
:92:23) [C:\Users\COM
\Documents\webdesign\
banglabet-casino\.nex
t\build\chunks\[root-
of-the-server]__97494
1ed._.js:443:31]

Import trace:
  Client Component 
Browser:
    
./app/globals.css 
[Client Component 
Browser]
    ./app/layout.tsx 
[Server Component]


    at async 
transform (turbopack:
///[turbopack-node]/t
ransforms/postcss.ts:
70:34) [C:\Users\COM\
Documents\webdesign\b
anglabet-casino\.next
\build\chunks\[root-o
f-the-server]__51225d
af._.js:146:36])
    at async run (tur
bopack:///[turbopack-
node]/ipc/evaluate.ts
:92:23) [C:\Users\COM
\Documents\webdesign\
banglabet-casino\.nex
t\build\chunks\[root-
of-the-server]__97494
1ed._.js:443:31])
